===== ANALYST longcat 2026-09-03 17:24:37 UTC =====
[91m[1mError: [0m{
  "name": "UnknownError",
  "data": {
    "message": "Unexpected server error. Check server logs for details.",
    "ref": "err_a9f6934e"
  }
}
===== ANALYST longcat 2026-09-03 20:04:47 UTC =====
[91m[1mError: [0m{
  "name": "UnknownError",
  "data": {
    "message": "Unexpected server error. Check server logs for details.",
    "ref": "err_544418d1"
  }
}
===== ANALYST longcat 2026-09-03 22:32:18 UTC =====
[91m[1mError: [0m{
  "name": "UnknownError",
  "data": {
    "message": "Unexpected server error. Check server logs for details.",
    "ref": "err_30c3cac3"
  }
}
===== ANALYST longcat 2026-09-04 00:32:38 UTC =====
[91m[1mError: [0m{
  "name": "UnknownError",
  "data": {
    "message": "Unexpected server error. Check server logs for details.",
    "ref": "err_8e42d354"
  }
}
===== ANALYST longcat 2026-09-04 05:12:50 UTC =====
[91m[1mError: [0m{
  "name": "UnknownError",
  "data": {
    "message": "Unexpected server error. Check server logs for details.",
    "ref": "err_58b6a7d1"
  }
}
===== ANALYST longcat 2026-09-04 09:48:46 UTC =====
[91m[1mError: [0m{
  "name": "UnknownError",
  "data": {
    "message": "Unexpected server error. Check server logs for details.",
    "ref": "err_5c2bddb7"
  }
}
===== ANALYST longcat 2026-09-04 14:14:04 UTC =====
[91m[1mError: [0m{
  "name": "UnknownError",
  "data": {
    "message": "Unexpected server error. Check server logs for details.",
    "ref": "err_e2b6328f"
  }
}
===== ANALYST longcat 2026-09-04 17:48:27 UTC =====
[91m[1mError: [0m{
  "name": "UnknownError",
  "data": {
    "message": "Unexpected server error. Check server logs for details.",
    "ref": "err_a15e8e1c"
  }
}
===== ANALYST longcat 2026-09-04 20:00:51 UTC =====
[91m[1mError: [0m{
  "name": "UnknownError",
  "data": {
    "message": "Unexpected server error. Check server logs for details.",
    "ref": "err_9b5c4085"
  }
}
===== ANALYST longcat 2026-09-04 22:17:39 UTC =====
[91m[1mError: [0m{
  "name": "UnknownError",
  "data": {
    "message": "Unexpected server error. Check server logs for details.",
    "ref": "err_67abae6c"
  }
}
===== ANALYST longcat 2026-09-05 00:15:57 UTC =====
[91m[1mError: [0m{
  "name": "UnknownError",
  "data": {
    "message": "Unexpected server error. Check server logs for details.",
    "ref": "err_5a4887ea"
  }
}
===== ANALYST longcat 2026-09-05 04:45:45 UTC =====
[91m[1mError: [0m{
  "name": "UnknownError",
  "data": {
    "message": "Unexpected server error. Check server logs for details.",
    "ref": "err_f496fd32"
  }
}
===== ANALYST longcat 2026-09-05 08:45:33 UTC =====
[91m[1mError: [0m{
  "name": "UnknownError",
  "data": {
    "message": "Unexpected server error. Check server logs for details.",
    "ref": "err_bb9bf9b2"
  }
}
===== ANALYST longcat 2026-09-05 12:24:29 UTC =====
[91m[1mError: [0m{
  "name": "UnknownError",
  "data": {
    "message": "Unexpected server error. Check server logs for details.",
    "ref": "err_10a4928c"
  }
}
===== ANALYST longcat 2026-09-05 15:33:07 UTC =====
[91m[1mError: [0m{
  "name": "UnknownError",
  "data": {
    "message": "Unexpected server error. Check server logs for details.",
    "ref": "err_aa8d3ff1"
  }
}
===== ANALYST longcat 2026-09-05 17:44:35 UTC =====
[91m[1mError: [0m{
  "name": "UnknownError",
  "data": {
    "message": "Unexpected server error. Check server logs for details.",
    "ref": "err_2b3aa796"
  }
}
===== ANALYST longcat 2026-09-05 19:34:08 UTC =====
[91m[1mError: [0m{
  "name": "UnknownError",
  "data": {
    "message": "Unexpected server error. Check server logs for details.",
    "ref": "err_37a5772e"
  }
}
===== ANALYST longcat 2026-09-05 21:50:07 UTC =====
[91m[1mError: [0m{
  "name": "UnknownError",
  "data": {
    "message": "Unexpected server error. Check server logs for details.",
    "ref": "err_d21410c6"
  }
}
===== ANALYST longcat 2026-09-05 23:42:45 UTC =====
[91m[1mError: [0m{
  "name": "UnknownError",
  "data": {
    "message": "Unexpected server error. Check server logs for details.",
    "ref": "err_f7185869"
  }
}
===== ANALYST longcat 2026-09-06 01:27:23 UTC =====
[91m[1mError: [0m{
  "name": "UnknownError",
  "data": {
    "message": "Unexpected server error. Check server logs for details.",
    "ref": "err_f8c7c53b"
  }
}
===== ANALYST longcat 2026-09-06 06:37:17 UTC =====
[91m[1mError: [0m{
  "name": "UnknownError",
  "data": {
    "message": "Unexpected server error. Check server logs for details.",
    "ref": "err_049c04ce"
  }
}
===== ANALYST longcat 2026-09-06 11:23:55 UTC =====
[91m[1mError: [0m{
  "name": "UnknownError",
  "data": {
    "message": "Unexpected server error. Check server logs for details.",
    "ref": "err_797cb54b"
  }
}
===== ANALYST longcat 2026-09-06 14:43:36 UTC =====
[91m[1mError: [0m{
  "name": "UnknownError",
  "data": {
    "message": "Unexpected server error. Check server logs for details.",
    "ref": "err_80e87435"
  }
}
===== ANALYST longcat 2026-09-06 17:36:27 UTC =====
[91m[1mError: [0m{
  "name": "UnknownError",
  "data": {
    "message": "Unexpected server error. Check server logs for details.",
    "ref": "err_c3a4e609"
  }
}
===== ANALYST longcat 2026-09-06 19:41:52 UTC =====
[91m[1mError: [0m{
  "name": "UnknownError",
  "data": {
    "message": "Unexpected server error. Check server logs for details.",
    "ref": "err_bc428428"
  }
}
===== ANALYST longcat 2026-09-06 21:45:36 UTC =====
[91m[1mError: [0m{
  "name": "UnknownError",
  "data": {
    "message": "Unexpected server error. Check server logs for details.",
    "ref": "err_b0fb0120"
  }
}
===== ANALYST longcat 2026-09-06 23:40:28 UTC =====
[91m[1mError: [0m{
  "name": "UnknownError",
  "data": {
    "message": "Unexpected server error. Check server logs for details.",
    "ref": "err_e3a289d1"
  }
}
===== ANALYST longcat 2026-09-07 01:21:46 UTC =====
[91m[1mError: [0m{
  "name": "UnknownError",
  "data": {
    "message": "Unexpected server error. Check server logs for details.",
    "ref": "err_7ef0bb4c"
  }
}
===== ANALYST longcat 2026-09-07 06:18:40 UTC =====
[91m[1mError: [0m{
  "name": "UnknownError",
  "data": {
    "message": "Unexpected server error. Check server logs for details.",
    "ref": "err_fb7c47b3"
  }
}
===== ANALYST longcat 2026-09-07 12:49:56 UTC =====
[91m[1mError: [0m{
  "name": "UnknownError",
  "data": {
    "message": "Unexpected server error. Check server logs for details.",
    "ref": "err_c9317731"
  }
}
===== ANALYST longcat 2026-09-07 18:12:49 UTC =====
[91m[1mError: [0m{
  "name": "UnknownError",
  "data": {
    "message": "Unexpected server error. Check server logs for details.",
    "ref": "err_7e48bee5"
  }
}
===== ANALYST longcat 2026-09-07 21:40:13 UTC =====
[91m[1mError: [0m{
  "name": "UnknownError",
  "data": {
    "message": "Unexpected server error. Check server logs for details.",
    "ref": "err_02d563a6"
  }
}
===== ANALYST longcat 2026-09-07 23:48:34 UTC =====
[91m[1mError: [0m{
  "name": "UnknownError",
  "data": {
    "message": "Unexpected server error. Check server logs for details.",
    "ref": "err_67c43c55"
  }
}
===== ANALYST longcat 2026-09-08 04:14:08 UTC =====
[91m[1mError: [0m{
  "name": "UnknownError",
  "data": {
    "message": "Unexpected server error. Check server logs for details.",
    "ref": "err_618832e4"
  }
}
===== ANALYST longcat 2026-09-08 08:54:05 UTC =====
[91m[1mError: [0m{
  "name": "UnknownError",
  "data": {
    "message": "Unexpected server error. Check server logs for details.",
    "ref": "err_fe53d580"
  }
}
===== ANALYST longcat 2026-09-08 13:46:24 UTC =====
[91m[1mError: [0m{
  "name": "UnknownError",
  "data": {
    "message": "Unexpected server error. Check server logs for details.",
    "ref": "err_51a7dd63"
  }
}
===== ANALYST longcat 2026-09-08 17:38:14 UTC =====
[91m[1mError: [0m{
  "name": "UnknownError",
  "data": {
    "message": "Unexpected server error. Check server logs for details.",
    "ref": "err_87bbc3f9"
  }
}
===== ANALYST longcat 2026-09-08 20:21:32 UTC =====
[91m[1mError: [0m{
  "name": "UnknownError",
  "data": {
    "message": "Unexpected server error. Check server logs for details.",
    "ref": "err_f62e607f"
  }
}
===== ANALYST longcat 2026-09-08 22:46:28 UTC =====
[91m[1mError: [0m{
  "name": "UnknownError",
  "data": {
    "message": "Unexpected server error. Check server logs for details.",
    "ref": "err_77a19441"
  }
}
===== ANALYST longcat 2026-09-09 01:15:30 UTC =====
[91m[1mError: [0m{
  "name": "UnknownError",
  "data": {
    "message": "Unexpected server error. Check server logs for details.",
    "ref": "err_d457b330"
  }
}
===== ANALYST longcat 2026-09-09 06:15:59 UTC =====
[91m[1mError: [0m{
  "name": "UnknownError",
  "data": {
    "message": "Unexpected server error. Check server logs for details.",
    "ref": "err_6c746556"
  }
}
===== ANALYST longcat 2026-09-09 11:42:50 UTC =====
[91m[1mError: [0m{
  "name": "UnknownError",
  "data": {
    "message": "Unexpected server error. Check server logs for details.",
    "ref": "err_295abacc"
  }
}
===== ANALYST longcat 2026-09-09 15:27:15 UTC =====
[91m[1mError: [0m{
  "name": "UnknownError",
  "data": {
    "message": "Unexpected server error. Check server logs for details.",
    "ref": "err_e5ecab13"
  }
}
===== ANALYST longcat 2026-09-09 18:45:51 UTC =====
[91m[1mError: [0m{
  "name": "UnknownError",
  "data": {
    "message": "Unexpected server error. Check server logs for details.",
    "ref": "err_e24c55a8"
  }
}
===== ANALYST longcat 2026-09-09 21:36:53 UTC =====
[91m[1mError: [0m{
  "name": "UnknownError",
  "data": {
    "message": "Unexpected server error. Check server logs for details.",
    "ref": "err_a05538d0"
  }
}
===== ANALYST longcat 2026-09-09 23:35:01 UTC =====
[91m[1mError: [0m{
  "name": "UnknownError",
  "data": {
    "message": "Unexpected server error. Check server logs for details.",
    "ref": "err_6eca7258"
  }
}
===== ANALYST longcat 2026-09-10 01:34:53 UTC =====
[91m[1mError: [0m{
  "name": "UnknownError",
  "data": {
    "message": "Unexpected server error. Check server logs for details.",
    "ref": "err_d95cc7c5"
  }
}
===== ANALYST longcat 2026-09-10 06:50:39 UTC =====
[91m[1mError: [0m{
  "name": "UnknownError",
  "data": {
    "message": "Unexpected server error. Check server logs for details.",
    "ref": "err_afe89186"
  }
}
===== ANALYST longcat 2026-09-10 11:56:05 UTC =====
[91m[1mError: [0m{
  "name": "UnknownError",
  "data": {
    "message": "Unexpected server error. Check server logs for details.",
    "ref": "err_74fee12e"
  }
}
===== ANALYST longcat 2026-09-10 16:15:44 UTC =====
[91m[1mError: [0m{
  "name": "UnknownError",
  "data": {
    "message": "Unexpected server error. Check server logs for details.",
    "ref": "err_a33f6258"
  }
}
===== ANALYST longcat 2026-09-10 19:15:56 UTC =====
[91m[1mError: [0m{
  "name": "UnknownError",
  "data": {
    "message": "Unexpected server error. Check server logs for details.",
    "ref": "err_58e982de"
  }
}
===== ANALYST longcat 2026-09-10 21:46:40 UTC =====
[91m[1mError: [0m{
  "name": "UnknownError",
  "data": {
    "message": "Unexpected server error. Check server logs for details.",
    "ref": "err_5693b420"
  }
}
===== ANALYST longcat 2026-09-10 23:54:05 UTC =====
[91m[1mError: [0m{
  "name": "UnknownError",
  "data": {
    "message": "Unexpected server error. Check server logs for details.",
    "ref": "err_49c49416"
  }
}
===== ANALYST longcat 2026-09-11 03:59:31 UTC =====
[91m[1mError: [0m{
  "name": "UnknownError",
  "data": {
    "message": "Unexpected server error. Check server logs for details.",
    "ref": "err_516697cf"
  }
}
===== ANALYST longcat 2026-09-11 09:02:41 UTC =====
[91m[1mError: [0m{
  "name": "UnknownError",
  "data": {
    "message": "Unexpected server error. Check server logs for details.",
    "ref": "err_e7b6b8dc"
  }
}
===== ANALYST longcat 2026-09-11 13:31:43 UTC =====
[91m[1mError: [0m{
  "name": "UnknownError",
  "data": {
    "message": "Unexpected server error. Check server logs for details.",
    "ref": "err_0149a0fa"
  }
}
===== ANALYST longcat 2026-09-11 17:17:48 UTC =====
[91m[1mError: [0m{
  "name": "UnknownError",
  "data": {
    "message": "Unexpected server error. Check server logs for details.",
    "ref": "err_965f2b9d"
  }
}
===== ANALYST longcat 2026-09-11 20:03:26 UTC =====
[91m[1mError: [0m{
  "name": "UnknownError",
  "data": {
    "message": "Unexpected server error. Check server logs for details.",
    "ref": "err_28b20db9"
  }
}
===== ANALYST longcat 2026-09-11 22:24:45 UTC =====
[91m[1mError: [0m{
  "name": "UnknownError",
  "data": {
    "message": "Unexpected server error. Check server logs for details.",
    "ref": "err_eaf276ff"
  }
}
===== ANALYST longcat 2026-09-12 00:41:24 UTC =====
[91m[1mError: [0m{
  "name": "UnknownError",
  "data": {
    "message": "Unexpected server error. Check server logs for details.",
    "ref": "err_087e8370"
  }
}
===== ANALYST longcat 2026-09-12 05:08:41 UTC =====
[91m[1mError: [0m{
  "name": "UnknownError",
  "data": {
    "message": "Unexpected server error. Check server logs for details.",
    "ref": "err_73dfb712"
  }
}
===== ANALYST longcat 2026-09-12 09:29:38 UTC =====
[91m[1mError: [0m{
  "name": "UnknownError",
  "data": {
    "message": "Unexpected server error. Check server logs for details.",
    "ref": "err_90ac30b8"
  }
}
===== ANALYST longcat 2026-09-12 13:17:00 UTC =====
[91m[1mError: [0m{
  "name": "UnknownError",
  "data": {
    "message": "Unexpected server error. Check server logs for details.",
    "ref": "err_63d21e60"
  }
}
===== ANALYST longcat 2026-09-12 16:36:26 UTC =====
[91m[1mError: [0m{
  "name": "UnknownError",
  "data": {
    "message": "Unexpected server error. Check server logs for details.",
    "ref": "err_8a5b5e0e"
  }
}
===== ANALYST longcat 2026-09-12 18:55:41 UTC =====
[91m[1mError: [0m{
  "name": "UnknownError",
  "data": {
    "message": "Unexpected server error. Check server logs for details.",
    "ref": "err_70a9588d"
  }
}
===== ANALYST longcat 2026-09-12 21:21:42 UTC =====
[91m[1mError: [0m{
  "name": "UnknownError",
  "data": {
    "message": "Unexpected server error. Check server logs for details.",
    "ref": "err_5aec6657"
  }
}
===== ANALYST longcat 2026-09-12 23:16:27 UTC =====
[91m[1mError: [0m{
  "name": "UnknownError",
  "data": {
    "message": "Unexpected server error. Check server logs for details.",
    "ref": "err_6d1f2ae5"
  }
}
