===== ANALYST ling3 2026-09-03 17:24:37 UTC =====
[91m[1mError: [0m{
  "name": "UnknownError",
  "data": {
    "message": "Unexpected server error. Check server logs for details.",
    "ref": "err_93409e2b"
  }
}
===== ANALYST ling3 2026-09-03 20:04:47 UTC =====
[91m[1mError: [0m{
  "name": "UnknownError",
  "data": {
    "message": "Unexpected server error. Check server logs for details.",
    "ref": "err_befe99d9"
  }
}
===== ANALYST ling3 2026-09-03 22:32:18 UTC =====
[91m[1mError: [0m{
  "name": "UnknownError",
  "data": {
    "message": "Unexpected server error. Check server logs for details.",
    "ref": "err_32bc84a8"
  }
}
===== ANALYST ling3 2026-09-04 00:32:38 UTC =====
[91m[1mError: [0m{
  "name": "UnknownError",
  "data": {
    "message": "Unexpected server error. Check server logs for details.",
    "ref": "err_7e992188"
  }
}
===== ANALYST ling3 2026-09-04 05:12:50 UTC =====
[91m[1mError: [0m{
  "name": "UnknownError",
  "data": {
    "message": "Unexpected server error. Check server logs for details.",
    "ref": "err_0377e9d9"
  }
}
===== ANALYST ling3 2026-09-04 09:48:46 UTC =====
[91m[1mError: [0m{
  "name": "UnknownError",
  "data": {
    "message": "Unexpected server error. Check server logs for details.",
    "ref": "err_0a3be13e"
  }
}
===== ANALYST ling3 2026-09-04 14:14:04 UTC =====
[91m[1mError: [0m{
  "name": "UnknownError",
  "data": {
    "message": "Unexpected server error. Check server logs for details.",
    "ref": "err_be99f688"
  }
}
===== ANALYST ling3 2026-09-04 17:48:27 UTC =====
[91m[1mError: [0m{
  "name": "UnknownError",
  "data": {
    "message": "Unexpected server error. Check server logs for details.",
    "ref": "err_a57e91f3"
  }
}
===== ANALYST ling3 2026-09-04 20:00:51 UTC =====
[91m[1mError: [0m{
  "name": "UnknownError",
  "data": {
    "message": "Unexpected server error. Check server logs for details.",
    "ref": "err_0a740ce4"
  }
}
===== ANALYST ling3 2026-09-04 22:17:39 UTC =====
[91m[1mError: [0m{
  "name": "UnknownError",
  "data": {
    "message": "Unexpected server error. Check server logs for details.",
    "ref": "err_2ed5a0ec"
  }
}
===== ANALYST ling3 2026-09-05 00:15:57 UTC =====
[91m[1mError: [0m{
  "name": "UnknownError",
  "data": {
    "message": "Unexpected server error. Check server logs for details.",
    "ref": "err_f7ba7b98"
  }
}
===== ANALYST ling3 2026-09-05 04:45:45 UTC =====
[91m[1mError: [0m{
  "name": "UnknownError",
  "data": {
    "message": "Unexpected server error. Check server logs for details.",
    "ref": "err_fd979662"
  }
}
===== ANALYST ling3 2026-09-05 08:45:33 UTC =====
[91m[1mError: [0m{
  "name": "UnknownError",
  "data": {
    "message": "Unexpected server error. Check server logs for details.",
    "ref": "err_597dd65a"
  }
}
===== ANALYST ling3 2026-09-05 12:24:29 UTC =====
[91m[1mError: [0m{
  "name": "UnknownError",
  "data": {
    "message": "Unexpected server error. Check server logs for details.",
    "ref": "err_6d513261"
  }
}
===== ANALYST ling3 2026-09-05 15:33:07 UTC =====
[91m[1mError: [0m{
  "name": "UnknownError",
  "data": {
    "message": "Unexpected server error. Check server logs for details.",
    "ref": "err_d485b2e1"
  }
}
===== ANALYST ling3 2026-09-05 17:44:35 UTC =====
[91m[1mError: [0m{
  "name": "UnknownError",
  "data": {
    "message": "Unexpected server error. Check server logs for details.",
    "ref": "err_a93aaaaf"
  }
}
===== ANALYST ling3 2026-09-05 19:34:08 UTC =====
[91m[1mError: [0m{
  "name": "UnknownError",
  "data": {
    "message": "Unexpected server error. Check server logs for details.",
    "ref": "err_4fcf76ad"
  }
}
===== ANALYST ling3 2026-09-05 21:50:07 UTC =====
[91m[1mError: [0m{
  "name": "UnknownError",
  "data": {
    "message": "Unexpected server error. Check server logs for details.",
    "ref": "err_9edfcefe"
  }
}
===== ANALYST ling3 2026-09-05 23:42:45 UTC =====
[91m[1mError: [0m{
  "name": "UnknownError",
  "data": {
    "message": "Unexpected server error. Check server logs for details.",
    "ref": "err_d9d18368"
  }
}
===== ANALYST ling3 2026-09-06 01:27:23 UTC =====
[91m[1mError: [0m{
  "name": "UnknownError",
  "data": {
    "message": "Unexpected server error. Check server logs for details.",
    "ref": "err_3397882f"
  }
}
===== ANALYST ling3 2026-09-06 06:37:17 UTC =====
[91m[1mError: [0m{
  "name": "UnknownError",
  "data": {
    "message": "Unexpected server error. Check server logs for details.",
    "ref": "err_fd505d1d"
  }
}
===== ANALYST ling3 2026-09-06 11:23:55 UTC =====
[91m[1mError: [0m{
  "name": "UnknownError",
  "data": {
    "message": "Unexpected server error. Check server logs for details.",
    "ref": "err_a0855a69"
  }
}
===== ANALYST ling3 2026-09-06 14:43:36 UTC =====
[91m[1mError: [0m{
  "name": "UnknownError",
  "data": {
    "message": "Unexpected server error. Check server logs for details.",
    "ref": "err_30b7c70d"
  }
}
===== ANALYST ling3 2026-09-06 17:36:27 UTC =====
[91m[1mError: [0m{
  "name": "UnknownError",
  "data": {
    "message": "Unexpected server error. Check server logs for details.",
    "ref": "err_8a7f57ab"
  }
}
===== ANALYST ling3 2026-09-06 19:41:52 UTC =====
[91m[1mError: [0m{
  "name": "UnknownError",
  "data": {
    "message": "Unexpected server error. Check server logs for details.",
    "ref": "err_c9944156"
  }
}
===== ANALYST ling3 2026-09-06 21:45:36 UTC =====
[91m[1mError: [0m{
  "name": "UnknownError",
  "data": {
    "message": "Unexpected server error. Check server logs for details.",
    "ref": "err_acb799ec"
  }
}
===== ANALYST ling3 2026-09-06 23:40:28 UTC =====
[91m[1mError: [0m{
  "name": "UnknownError",
  "data": {
    "message": "Unexpected server error. Check server logs for details.",
    "ref": "err_9edf06d0"
  }
}
===== ANALYST ling3 2026-09-07 01:21:46 UTC =====
[91m[1mError: [0m{
  "name": "UnknownError",
  "data": {
    "message": "Unexpected server error. Check server logs for details.",
    "ref": "err_271a8a28"
  }
}
===== ANALYST ling3 2026-09-07 06:18:40 UTC =====
[91m[1mError: [0m{
  "name": "UnknownError",
  "data": {
    "message": "Unexpected server error. Check server logs for details.",
    "ref": "err_266a8288"
  }
}
===== ANALYST ling3 2026-09-07 12:49:56 UTC =====
[91m[1mError: [0m{
  "name": "UnknownError",
  "data": {
    "message": "Unexpected server error. Check server logs for details.",
    "ref": "err_50a35156"
  }
}
===== ANALYST ling3 2026-09-07 18:12:49 UTC =====
[91m[1mError: [0m{
  "name": "UnknownError",
  "data": {
    "message": "Unexpected server error. Check server logs for details.",
    "ref": "err_27536cb9"
  }
}
===== ANALYST ling3 2026-09-07 21:40:13 UTC =====
[91m[1mError: [0m{
  "name": "UnknownError",
  "data": {
    "message": "Unexpected server error. Check server logs for details.",
    "ref": "err_c7b80a4c"
  }
}
===== ANALYST ling3 2026-09-07 23:48:34 UTC =====
[91m[1mError: [0m{
  "name": "UnknownError",
  "data": {
    "message": "Unexpected server error. Check server logs for details.",
    "ref": "err_fb30d160"
  }
}
===== ANALYST ling3 2026-09-08 04:14:08 UTC =====
[91m[1mError: [0m{
  "name": "UnknownError",
  "data": {
    "message": "Unexpected server error. Check server logs for details.",
    "ref": "err_c82d3966"
  }
}
===== ANALYST ling3 2026-09-08 08:54:05 UTC =====
[91m[1mError: [0m{
  "name": "UnknownError",
  "data": {
    "message": "Unexpected server error. Check server logs for details.",
    "ref": "err_e3bf1316"
  }
}
===== ANALYST ling3 2026-09-08 13:46:24 UTC =====
[91m[1mError: [0m{
  "name": "UnknownError",
  "data": {
    "message": "Unexpected server error. Check server logs for details.",
    "ref": "err_1d40f862"
  }
}
===== ANALYST ling3 2026-09-08 17:38:14 UTC =====
[91m[1mError: [0m{
  "name": "UnknownError",
  "data": {
    "message": "Unexpected server error. Check server logs for details.",
    "ref": "err_6a9e2f80"
  }
}
===== ANALYST ling3 2026-09-08 20:21:32 UTC =====
[91m[1mError: [0m{
  "name": "UnknownError",
  "data": {
    "message": "Unexpected server error. Check server logs for details.",
    "ref": "err_163a66b2"
  }
}
===== ANALYST ling3 2026-09-08 22:46:28 UTC =====
[91m[1mError: [0m{
  "name": "UnknownError",
  "data": {
    "message": "Unexpected server error. Check server logs for details.",
    "ref": "err_519c3657"
  }
}
===== ANALYST ling3 2026-09-09 01:15:30 UTC =====
[91m[1mError: [0m{
  "name": "UnknownError",
  "data": {
    "message": "Unexpected server error. Check server logs for details.",
    "ref": "err_662a00b0"
  }
}
===== ANALYST ling3 2026-09-09 06:15:59 UTC =====
[91m[1mError: [0m{
  "name": "UnknownError",
  "data": {
    "message": "Unexpected server error. Check server logs for details.",
    "ref": "err_de579ac4"
  }
}
===== ANALYST ling3 2026-09-09 11:42:50 UTC =====
[91m[1mError: [0m{
  "name": "UnknownError",
  "data": {
    "message": "Unexpected server error. Check server logs for details.",
    "ref": "err_57f92e6c"
  }
}
===== ANALYST ling3 2026-09-09 15:27:15 UTC =====
[91m[1mError: [0m{
  "name": "UnknownError",
  "data": {
    "message": "Unexpected server error. Check server logs for details.",
    "ref": "err_ff66432c"
  }
}
===== ANALYST ling3 2026-09-09 18:45:51 UTC =====
[91m[1mError: [0m{
  "name": "UnknownError",
  "data": {
    "message": "Unexpected server error. Check server logs for details.",
    "ref": "err_743f4466"
  }
}
===== ANALYST ling3 2026-09-09 21:36:53 UTC =====
[91m[1mError: [0m{
  "name": "UnknownError",
  "data": {
    "message": "Unexpected server error. Check server logs for details.",
    "ref": "err_6c2a9b8a"
  }
}
