===== ANALYST laguna 2026-09-03 17:24:37 UTC =====
[91m[1mError: [0m{
  "name": "UnknownError",
  "data": {
    "message": "Unexpected server error. Check server logs for details.",
    "ref": "err_f0f4cd81"
  }
}
===== ANALYST laguna 2026-09-03 20:04:47 UTC =====
[91m[1mError: [0m{
  "name": "UnknownError",
  "data": {
    "message": "Unexpected server error. Check server logs for details.",
    "ref": "err_6fdd4942"
  }
}
===== ANALYST laguna 2026-09-03 22:32:18 UTC =====
[91m[1mError: [0m{
  "name": "UnknownError",
  "data": {
    "message": "Unexpected server error. Check server logs for details.",
    "ref": "err_75b3ac7f"
  }
}
===== ANALYST laguna 2026-09-04 00:32:38 UTC =====
[91m[1mError: [0m{
  "name": "UnknownError",
  "data": {
    "message": "Unexpected server error. Check server logs for details.",
    "ref": "err_fec55795"
  }
}
===== ANALYST laguna 2026-09-04 05:12:50 UTC =====
[91m[1mError: [0m{
  "name": "UnknownError",
  "data": {
    "message": "Unexpected server error. Check server logs for details.",
    "ref": "err_c21c55f9"
  }
}
===== ANALYST laguna 2026-09-04 09:48:46 UTC =====
[91m[1mError: [0m{
  "name": "UnknownError",
  "data": {
    "message": "Unexpected server error. Check server logs for details.",
    "ref": "err_674cac80"
  }
}
===== ANALYST laguna 2026-09-04 14:14:04 UTC =====
[91m[1mError: [0m{
  "name": "UnknownError",
  "data": {
    "message": "Unexpected server error. Check server logs for details.",
    "ref": "err_36d55cc3"
  }
}
===== ANALYST laguna 2026-09-04 17:48:27 UTC =====
[91m[1mError: [0m{
  "name": "UnknownError",
  "data": {
    "message": "Unexpected server error. Check server logs for details.",
    "ref": "err_ca6a9c88"
  }
}
===== ANALYST laguna 2026-09-04 20:00:51 UTC =====
[91m[1mError: [0m{
  "name": "UnknownError",
  "data": {
    "message": "Unexpected server error. Check server logs for details.",
    "ref": "err_d15b4a51"
  }
}
===== ANALYST laguna 2026-09-04 22:17:39 UTC =====
[91m[1mError: [0m{
  "name": "UnknownError",
  "data": {
    "message": "Unexpected server error. Check server logs for details.",
    "ref": "err_c6000ea5"
  }
}
===== ANALYST laguna 2026-09-05 00:15:57 UTC =====
[91m[1mError: [0m{
  "name": "UnknownError",
  "data": {
    "message": "Unexpected server error. Check server logs for details.",
    "ref": "err_1059cc03"
  }
}
===== ANALYST laguna 2026-09-05 04:45:45 UTC =====
[91m[1mError: [0m{
  "name": "UnknownError",
  "data": {
    "message": "Unexpected server error. Check server logs for details.",
    "ref": "err_43004edf"
  }
}
===== ANALYST laguna 2026-09-05 08:45:33 UTC =====
[91m[1mError: [0m{
  "name": "UnknownError",
  "data": {
    "message": "Unexpected server error. Check server logs for details.",
    "ref": "err_366769c4"
  }
}
===== ANALYST laguna 2026-09-05 12:24:29 UTC =====
[91m[1mError: [0m{
  "name": "UnknownError",
  "data": {
    "message": "Unexpected server error. Check server logs for details.",
    "ref": "err_08cb894b"
  }
}
===== ANALYST laguna 2026-09-05 15:33:07 UTC =====
[91m[1mError: [0m{
  "name": "UnknownError",
  "data": {
    "message": "Unexpected server error. Check server logs for details.",
    "ref": "err_a0545131"
  }
}
===== ANALYST laguna 2026-09-05 17:44:35 UTC =====
[91m[1mError: [0m{
  "name": "UnknownError",
  "data": {
    "message": "Unexpected server error. Check server logs for details.",
    "ref": "err_400c441c"
  }
}
===== ANALYST laguna 2026-09-05 19:34:08 UTC =====
[91m[1mError: [0m{
  "name": "UnknownError",
  "data": {
    "message": "Unexpected server error. Check server logs for details.",
    "ref": "err_f2d67a75"
  }
}
===== ANALYST laguna 2026-09-05 21:50:07 UTC =====
[91m[1mError: [0m{
  "name": "UnknownError",
  "data": {
    "message": "Unexpected server error. Check server logs for details.",
    "ref": "err_4a21c9a0"
  }
}
===== ANALYST laguna 2026-09-05 23:42:45 UTC =====
[91m[1mError: [0m{
  "name": "UnknownError",
  "data": {
    "message": "Unexpected server error. Check server logs for details.",
    "ref": "err_f268fa42"
  }
}
===== ANALYST laguna 2026-09-06 01:27:23 UTC =====
[91m[1mError: [0m{
  "name": "UnknownError",
  "data": {
    "message": "Unexpected server error. Check server logs for details.",
    "ref": "err_c899b16b"
  }
}
===== ANALYST laguna 2026-09-06 06:37:17 UTC =====
[91m[1mError: [0m{
  "name": "UnknownError",
  "data": {
    "message": "Unexpected server error. Check server logs for details.",
    "ref": "err_a2b353e9"
  }
}
===== ANALYST laguna 2026-09-06 11:23:55 UTC =====
[91m[1mError: [0m{
  "name": "UnknownError",
  "data": {
    "message": "Unexpected server error. Check server logs for details.",
    "ref": "err_6dfc484c"
  }
}
===== ANALYST laguna 2026-09-06 14:43:36 UTC =====
[91m[1mError: [0m{
  "name": "UnknownError",
  "data": {
    "message": "Unexpected server error. Check server logs for details.",
    "ref": "err_f0962d7e"
  }
}
===== ANALYST laguna 2026-09-06 17:36:27 UTC =====
[91m[1mError: [0m{
  "name": "UnknownError",
  "data": {
    "message": "Unexpected server error. Check server logs for details.",
    "ref": "err_7d40767e"
  }
}
===== ANALYST laguna 2026-09-06 19:41:52 UTC =====
[91m[1mError: [0m{
  "name": "UnknownError",
  "data": {
    "message": "Unexpected server error. Check server logs for details.",
    "ref": "err_cf50f92d"
  }
}
===== ANALYST laguna 2026-09-06 21:45:36 UTC =====
[91m[1mError: [0m{
  "name": "UnknownError",
  "data": {
    "message": "Unexpected server error. Check server logs for details.",
    "ref": "err_5d17d42f"
  }
}
===== ANALYST laguna 2026-09-06 23:40:28 UTC =====
[91m[1mError: [0m{
  "name": "UnknownError",
  "data": {
    "message": "Unexpected server error. Check server logs for details.",
    "ref": "err_c2847d85"
  }
}
===== ANALYST laguna 2026-09-07 01:21:46 UTC =====
[91m[1mError: [0m{
  "name": "UnknownError",
  "data": {
    "message": "Unexpected server error. Check server logs for details.",
    "ref": "err_af1036a5"
  }
}
===== ANALYST laguna 2026-09-07 06:18:40 UTC =====
[91m[1mError: [0m{
  "name": "UnknownError",
  "data": {
    "message": "Unexpected server error. Check server logs for details.",
    "ref": "err_115d04b4"
  }
}
===== ANALYST laguna 2026-09-07 12:49:56 UTC =====
[91m[1mError: [0m{
  "name": "UnknownError",
  "data": {
    "message": "Unexpected server error. Check server logs for details.",
    "ref": "err_e0ee03b6"
  }
}
===== ANALYST laguna 2026-09-07 18:12:49 UTC =====
[91m[1mError: [0m{
  "name": "UnknownError",
  "data": {
    "message": "Unexpected server error. Check server logs for details.",
    "ref": "err_b64f76cc"
  }
}
===== ANALYST laguna 2026-09-07 21:40:13 UTC =====
[91m[1mError: [0m{
  "name": "UnknownError",
  "data": {
    "message": "Unexpected server error. Check server logs for details.",
    "ref": "err_21a3044e"
  }
}
===== ANALYST laguna 2026-09-07 23:48:34 UTC =====
[91m[1mError: [0m{
  "name": "UnknownError",
  "data": {
    "message": "Unexpected server error. Check server logs for details.",
    "ref": "err_1eb6a02d"
  }
}
===== ANALYST laguna 2026-09-08 04:14:08 UTC =====
[91m[1mError: [0m{
  "name": "UnknownError",
  "data": {
    "message": "Unexpected server error. Check server logs for details.",
    "ref": "err_688e55f1"
  }
}
===== ANALYST laguna 2026-09-08 08:54:05 UTC =====
[91m[1mError: [0m{
  "name": "UnknownError",
  "data": {
    "message": "Unexpected server error. Check server logs for details.",
    "ref": "err_6c4fa74c"
  }
}
===== ANALYST laguna 2026-09-08 13:46:24 UTC =====
[91m[1mError: [0m{
  "name": "UnknownError",
  "data": {
    "message": "Unexpected server error. Check server logs for details.",
    "ref": "err_7c2836d7"
  }
}
===== ANALYST laguna 2026-09-08 17:38:14 UTC =====
[91m[1mError: [0m{
  "name": "UnknownError",
  "data": {
    "message": "Unexpected server error. Check server logs for details.",
    "ref": "err_6220d96f"
  }
}
===== ANALYST laguna 2026-09-08 20:21:32 UTC =====
[91m[1mError: [0m{
  "name": "UnknownError",
  "data": {
    "message": "Unexpected server error. Check server logs for details.",
    "ref": "err_aac89a6a"
  }
}
===== ANALYST laguna 2026-09-08 22:46:28 UTC =====
[91m[1mError: [0m{
  "name": "UnknownError",
  "data": {
    "message": "Unexpected server error. Check server logs for details.",
    "ref": "err_e937e95e"
  }
}
===== ANALYST laguna 2026-09-09 01:15:30 UTC =====
[91m[1mError: [0m{
  "name": "UnknownError",
  "data": {
    "message": "Unexpected server error. Check server logs for details.",
    "ref": "err_573326b6"
  }
}
===== ANALYST laguna 2026-09-09 06:15:59 UTC =====
[91m[1mError: [0m{
  "name": "UnknownError",
  "data": {
    "message": "Unexpected server error. Check server logs for details.",
    "ref": "err_31453c06"
  }
}
